 argument  1 = 1covo_input.nw



============================== echo of input deck ==============================
# queue_nwchem_JobId: 61cc2cf8120d39a7a5738328
# queue_nwchem_restart_count: 0
#
#nwchem_input  H1Li1.nw
#nwchem_output H1Li1.out00
#nwchem_done   H1Li1.done
#
#mformula_off
#
#transfer_files *.nw *.xyz *.ion_motion *.emotion *.fei *.cif *.hist *.gr *.dat *.meta_gaussians *.cube *.neb_epath *.neb_final_epath
#bad_files md_xs
#
#curdir we31869.emsl.pnl.gov:/media/seagate2/Projects/Duo/COVOs/LiH/3x3_aperiodic_8covos/R-3.0
#
#permdir H1Li3.0x3a-8covos-3.0
#deletescratch no
#queuesave no
#
#machine aerosol8
#cputime 22:05:00
#ncpus 32
#queue regular
#
title "swnc: e theory=pspw4 xc=pbe formula=LiH charge=0 mult=1"
#machinejob:expert

echo

start pspw_hf_LiH_1

memory heap 2200 mb stack 2200 mb global 10 mb

charge 0

geometry
Li    0.00000    0.00000   -0.65000
H     0.00000    0.00000    0.65000
end

nwpw
  ### pseudopotential block begin ###
  ### pseudopotential block end   ###
  simulation_cell
     SC 28.345889835
     boundary_conditions periodic
  end

  vectors input pspw_hf_LiH_1.movecs
  vectors output pspw_hf_LiH_1m.ascii
  cutoff 50.0
  mult 1
  xc hf
  lmbfgs
  tolerances 1.0e-9 1.0e-9

  virtual 1
end

set nwpw:cif_filename LiH

#set nwpw:CI_maxit_orb 15
#set nwpw:CI_maxit_linesearch 15
set pspw:HFX_screening_radius 14.0

set nwpw:2qintegrals .true.
set nwpw:3x3_virtual .true.


task pspw energy




### Generating HOMO and LUMO Gaussian cube files ###

#nwpw
 #  dplot
  #    orbital 1 homo-restricted.cube
   #   density total density.cube
   #end
#end

#task pspw pspw_dplot

#nwpw
 #  dplot
  #    vectors pspw_hf_LiH.emovecs
   #   orbital 1 lumo1-restricted.cube
   #end
#end

#task pspw pspw_dplot


# queue_name: nwchem :queue_name
# label:nwchem-754.nw NWChem Job #754 curdir=we31869.emsl.pnl.gov:/media/seagate2/Projects/Duo/COVOs/LiH/3x3_aperiodic_8covos/R-3.0 QWAIT::679989::QWAIT :label

================================================================================


                                         
                                         


             Northwest Computational Chemistry Package (NWChem) 7.2.2
             --------------------------------------------------------


                    Environmental Molecular Sciences Laboratory
                       Pacific Northwest National Laboratory
                                Richland, WA 99352

                              Copyright (c) 1994-2022
                       Pacific Northwest National Laboratory
                            Battelle Memorial Institute

             NWChem is an open-source computational chemistry package
                        distributed under the terms of the
                      Educational Community License (ECL) 2.0
             A copy of the license is included with this distribution
                              in the LICENSE.TXT file

                                  ACKNOWLEDGMENT
                                  --------------

            This software and its documentation were developed at the
            EMSL at Pacific Northwest National Laboratory, a multiprogram
            national laboratory, operated for the U.S. Department of Energy
            by Battelle under Contract Number DE-AC05-76RL01830. Support
            for this work was provided by the Department of Energy Office
            of Biological and Environmental Research, Office of Basic
            Energy Sciences, and the Office of Advanced Scientific Computing.


           Job information
           ---------------

    hostname        = LAPTOP-JJQSTSEL
    program         = nwchem
    date            = Tue Mar 25 20:54:48 2025

    compiled        = Fri_Jun_07_07:50:04_2024
    source          = /home/conda/feedstock_root/build_artifacts/nwchem_1717738148552/work
    nwchem branch   = 7.2.2
    nwchem revision = 64ba0f0
    ga revision     = 5.8.0
    use scalapack   = T
    input           = 1covo_input.nw
    prefix          = pspw_hf_LiH_1.
    data base       = ./pspw_hf_LiH_1.db
    status          = startup
    nproc           =        1
    time left       =     -1s



           Memory information
           ------------------

    heap     =  288358396 doubles =   2200.0 Mbytes
    stack    =  288358401 doubles =   2200.0 Mbytes
    global   =    1310720 doubles =     10.0 Mbytes (distinct from heap & stack)
    total    =  578027517 doubles =   4410.0 Mbytes
    verify   = yes
    hardfail = no 


           Directory information
           ---------------------

  0 permanent = .
  0 scratch   = .




                                NWChem Input Module
                                -------------------


              swnc: e theory=pspw4 xc=pbe formula=LiH charge=0 mult=1
              -------------------------------------------------------

 Scaling coordinates for geometry "geometry" by  1.889725989
 (inverse scale =  0.529177249)

 ORDER OF PRIMARY AXIS IS BEING SET TO 4
 C4V symmetry detected

          ------
          auto-z
          ------
  no constraints, skipping    0.0000000000000000     
  no constraints, skipping    0.0000000000000000     


                             Geometry "geometry" -> ""
                             -------------------------

 Output coordinates in angstroms (scale by  1.889725989 to convert to a.u.)

  No.       Tag          Charge          X              Y              Z
 ---- ---------------- ---------- -------------- -------------- --------------
    1 Li                   3.0000     0.00000000     0.00000000    -0.32500000
    2 H                    1.0000     0.00000000     0.00000000     0.97500000

      Atomic Mass 
      ----------- 

      Li                 7.016000
      H                  1.007825


 Effective nuclear repulsion energy (a.u.)       1.2211782669

            Nuclear Dipole moment (a.u.) 
            ----------------------------
        X                 Y               Z
 ---------------- ---------------- ----------------
     0.0000000000     0.0000000000     0.0000000000

      Symmetry information
      --------------------

 Group name             C4v       
 Group number             18
 Group order               8
 No. of unique centers     2

      Symmetry unique atoms

     1    2



                                Z-matrix (autoz)
                                -------- 

 Units are Angstrom for bonds and degrees for angles

      Type          Name      I     J     K     L     M      Value
      ----------- --------  ----- ----- ----- ----- ----- ----------
    1 Stretch                  1     2                       1.30000


            XYZ format geometry
            -------------------
     2
 geometry
 Li                    0.00000000     0.00000000    -0.32500000
 H                     0.00000000     0.00000000     0.97500000

 ==============================================================================
                                internuclear distances
 ------------------------------------------------------------------------------
       center one      |      center two      | atomic units |  angstroms
 ------------------------------------------------------------------------------
    2 H                |   1 Li               |     2.45664  |     1.30000
 ------------------------------------------------------------------------------
                         number of included internuclear distances:          1
 ==============================================================================



          ****************************************************
          *                                                  *
          *               NWPW PSPW Calculation              *
          *                                                  *
          * [ (Grassmann/Stiefel manifold implementation)  ] *
          *                                                  *
          *      [ NorthWest Chemistry implementation ]      *
          *                                                  *
          *            version #5.10   06/12/02              *
          *                                                  *
          *    This code was developed by Eric J. Bylaska,   *
          *    and was based upon algorithms and code        *
          *    developed by the group of Prof. John H. Weare *
          *                                                  *
          ****************************************************
     >>>  JOB STARTED       AT Tue Mar 25 20:54:48 2025  <<<
          ================ input data ========================

 input psi filename:./pspw_hf_LiH_1.movecs

 number of processors used:         1
 processor grid           :   1 x   1
 parallel mapping         :2d-hilbert
 parallel mapping         :  balanced
 number of threads        :         1
 parallel io              :       off

 options:
      boundary conditions  = periodic    (version3)
      electron spin        = restricted
      exchange-correlation = Hartree-Fock
      - HFX relaxed
      - HFX restricted orbitals :    1
      - HFX screened coulomb solver
      - HFX screening radius(pspw:HFX_screening_radius): 0.140E+02
      - HFX screening power (pspw:HFX_screening_power) : 0.800E+01
      - HFX screening type (pspw:HFX_screening_type)   : 0


 elements involved in the cluster:
      1: Li  valence charge:  1.0000  lmax=  1
             comment    : Hamann pseudopotential
             pseudpotential type            :   0
             highest angular component      :   1
             local potential used           :   1
             number of non-local projections:   1
             semicore corrections included  :  1.000 (radius)  0.769 (charge)
             cutoff =   1.869   1.551

      2: H   valence charge:  1.0000  lmax=  1
             comment    : Parameterized (Chem.Phys.Lett., vol 322, page 447) Hamman psp
             pseudpotential type            :   0
             highest angular component      :   1
             local potential used           :   1
             number of non-local projections:   1
             cutoff =   0.800   0.800


 total charge:   0.000

 atomic composition:
     Li  :    1     H   :    1

 number of electrons: spin up=     1 (   1 per task)  down=     1 (   1 per task) (Fourier space)
 number of orbitals : spin up=     1 (   1 per task)  down=     1 (   1 per task) (Fourier space)

 supercell:
      cell_name:  cell_default                                      
      lattice:    a1=<  28.346   0.000   0.000 >
                  a2=<   0.000  28.346   0.000 >
                  a3=<   0.000   0.000  28.346 >
      reciprocal: b1=<   0.222   0.000   0.000 >
                  b2=<   0.000   0.222   0.000 >
                  b3=<   0.000   0.000   0.222 >
      lattice:    a=      28.346 b=     28.346 c=      28.346
                  alpha=  90.000 beta=  90.000 gamma=  90.000
                  omega=     22775.6

      density cutoff=100.000  fft=140x140x140(   544264 waves   544264 per task)
      wavefnc cutoff= 50.000  fft=140x140x140(   192294 waves   192294 per task)
      Ewald summation: cut radius=    9.02  and  1
                       Madelung Wigner-Seitz=    1.76011888 (alpha=    2.83729748 rs=17.58438667)

 technical parameters:
      time step=      5.80     fictitious mass=  400000.0
      tolerance=0.100E-08 (energy)   0.100E-08 (density)
      maximum iterations =      1000 (   10 inner    100 outer )





== Energy Calculation ==


          ============ Grassmann lmbfgs iteration ============
     >>>  ITERATION STARTED AT Tue Mar 25 20:54:59 2025  <<<
    iter.           Energy         DeltaE       DeltaRho 
    ------------------------------------------------------
      10   -0.7267359408E+00   -0.59392E-10    0.12710E-12
  *** tolerance ok. iteration terminated
     >>>  ITERATION ENDED   AT Tue Mar 25 20:55:01 2025  <<<


==  Summary Of Results  ==

 number of electrons: spin up=    1.00000  down=    1.00000 (real space)

 total     energy    :  -0.7267359408E+00 (   -0.36337E+00/ion)
 total orbital energy:  -0.6203758047E+00 (   -0.62038E+00/electron)
 hartree   energy    :   0.8260474994E+00 (    0.82605E+00/electron)
 exc-corr  energy    :   0.0000000000E+00 (    0.00000E+00/electron)
 HF exchange energy  :  -0.5122578748E+00 (   -0.51226E+00/electron)
 ion-ion   energy    :   0.2074294884E+00 (    0.10371E+00/ion)

 kinetic (planewave) :   0.7038102984E+00 (    0.70381E+00/electron)
 V_local (planewave) :  -0.1873470420E+01 (   -0.18735E+01/electron)
 V_nl    (planewave) :  -0.7829493190E-01 (   -0.78295E-01/electron)
 V_Coul  (planewave) :   0.1652094999E+01 (    0.16521E+01/electron)
 V_xc.   (planewave) :   0.0000000000E+00 (    0.00000E+00/electron)
 K.S. HFX energy     :  -0.1024515750E+01 (   -0.10245E+01/electron)
 Virial Coefficient  :  -0.4257828482E+00

 orbital energies:
    -0.3101879E+00 (  -8.441eV)


== Virtual Orbital Calculation ==


 input epsi filename:./pspw_hf_LiH_1.emovecs

 COVOs Mimimization
 ------------------
CI gradient algorithm =         3
maxit_sweeps          =         3
maxit_orb             =       120
maxit_linesearch      =        15
maxerror              = 0.100E-08

     orb,it,eci,eold,eci-eold=                    1                    1 -0.74130607001917759      -0.74130607001917759        0.0000000000000000      F
     orbital   1 current e=  0.480687E+00 error=0.113E-05 (eci= -0.741306070E+00 error=0.000E+00) iterations   1(   0 preconditioned, Ep,Sp= 20.0  200.0)
     orb,it,eci,eold,eci-eold=                    1                    1 -0.74130607002018878      -0.74130606919634112       -8.2384765676124516E-010 F
     orbital   1 current e=  0.480687E+00 error=0.424E-06 (eci= -0.741306070E+00 error=0.824E-09) iterations   1(   0 preconditioned, Ep,Sp= 20.0  200.0)
     orb,it,eci,eold,eci-eold=                    1                    1 -0.74130607002018878      -0.74130607002018878        0.0000000000000000      F
     orbital   1 current e=  0.480689E+00 error=0.104E-05 (eci= -0.741306070E+00 error=0.000E+00) iterations   1(   0 preconditioned, Ep,Sp= 20.0  200.0)

 virtual orbital energies:
     0.4806885E+00 (  13.080eV)


 == Generating One-Electron and Two-Electron Integrals ==

 begin_one_electron_integrals
    1    1        -0.6239775269
    2    1         0.1554101938
    2    2        -0.1083876363
 end_one_electron_integrals

 begin_two_electron_integrals
    1    1    1    1        0.3137896245
    1    1    2    1       -0.1554109694
    1    1    2    2        0.2548133813
    2    1    2    1        0.1181076887
    2    1    2    2       -0.1425240992
    2    2    2    2        0.2260028129
 end_two_electron_integrals


 output epsi filename:./pspw_hf_LiH_1.emovecs

 Total PSPW energy     :  -0.7267359408E+00


=== Spin Contamination ===

 <Sexact^2> =    0.0000000000000000     
 <S^2>      =    0.0000000000000000     



== Center of Charge ==

spin up     (   -0.0000,    0.0000,    1.7183 )
spin down   (   -0.0000,    0.0000,    1.7183 )
     total  (   -0.0000,    0.0000,    1.7183 )
ionic       (    0.0000,    0.0000,    0.6142 )


== Molecular Dipole wrt Center of Mass ==

mu   =  (    0.0000,   -0.0000,   -2.2083 ) au
|mu| =     2.2083 au,       5.6125 Debye

 output psi filename:./pspw_hf_LiH_1m.ascii

 Writing Crystallographic Information File:./LiH.cif
   - cell not shifted (nwpw:cif_shift_cell .false.)


== Timing ==

cputime in seconds
  prologue    :   0.103838E+02
  main loop   :   0.122451E+03
  epilogue    :   0.705006E+00
  total       :   0.133540E+03
  cputime/step:   0.244903E+02       (       5 evalulations,       1 linesearches)


Time spent doing                        total          step       percent
  total time                 :   0.133540E+03  0.267081E+02       100.0 %
  i/o time                   :   0.971224E+00  0.194245E+00         0.7 %
  FFTs                       :   0.786716E+02  0.157343E+02        58.9 %
  dot products               :   0.295004E+00  0.590008E-01         0.2 %
  geodesic                   :   0.660637E-02  0.132127E-02         0.0 %
  ffm_dgemm                  :   0.683879E-03  0.136776E-03         0.0 %
  fmf_dgemm                  :   0.563641E-02  0.112728E-02         0.0 %
  mmm_dgemm                  :   0.527850E-04  0.105570E-04         0.0 %
  m_diagonalize              :   0.654860E-04  0.130972E-04         0.0 %
  local pseudopotentials     :   0.998527E+00  0.199705E+00         0.7 %
  non-local pseudopotentials :   0.502224E+00  0.100445E+00         0.4 %
  hartree potentials         :   0.169866E+01  0.339732E+00         1.3 %
  ion-ion interaction        :   0.360581E+00  0.721162E-01         0.3 %
  structure factors          :   0.616440E+00  0.123288E+00         0.5 %
  phase factors              :   0.724200E-05  0.144840E-05         0.0 %
  masking and packing        :   0.106929E+02  0.213858E+01         8.0 %
  queue fft                  :   0.167236E+02  0.334472E+01        12.5 %
  queue fft (serial)         :   0.768426E+01  0.153685E+01         5.8 %
  queue fft (message passing):   0.857785E+01  0.171557E+01         6.4 %
  HFX potential              :   0.149209E+02  0.298419E+01        11.2 %
  non-local psp FFM          :   0.240891E+00  0.481782E-01         0.2 %
  non-local psp FMF          :   0.674174E-01  0.134835E-01         0.1 %
  non-local psp FFM A        :   0.847195E-01  0.169439E-01         0.1 %
  non-local psp FFM B        :   0.586070E-01  0.117214E-01         0.0 %

== HFX Counters ==
  HFX Evalulations         =   101
  Lin ACE HFX Evalulations =     0


     >>>  JOB COMPLETED     AT Tue Mar 25 20:57:06 2025  <<<

 Task  times  cpu:      137.2s     wall:      133.5s
 Summary of allocated global arrays
-----------------------------------
  No active global arrays


MA_summarize_allocated_blocks: starting scan ...
MA_summarize_allocated_blocks: scan completed: 0 heap blocks, 0 stack blocks
MA usage statistics:

	allocation statistics:
					      heap	     stack
					      ----	     -----
	current number of blocks	         0	         0
	maximum number of blocks	       290	        33
	current total bytes		         0	         0
	maximum total bytes		1732130720	 517537512
	maximum total K-bytes		   1732131	    517538
	maximum total M-bytes		      1733	       518


                                NWChem Input Module
                                -------------------




                                     CITATION
                                     --------
                Please cite the following reference when publishing
                           results obtained with NWChem:

          E. Apra, E. J. Bylaska, W. A. de Jong, N. Govind, K. Kowalski,
       T. P. Straatsma, M. Valiev, H. J. J. van Dam, Y. Alexeev, J. Anchell,
       V. Anisimov, F. W. Aquino, R. Atta-Fynn, J. Autschbach, N. P. Bauman,
     J. C. Becca, D. E. Bernholdt, K. Bhaskaran-Nair, S. Bogatko, P. Borowski,
         J. Boschen, J. Brabec, A. Bruner, E. Cauet, Y. Chen, G. N. Chuev,
      C. J. Cramer, J. Daily, M. J. O. Deegan, T. H. Dunning Jr., M. Dupuis,
   K. G. Dyall, G. I. Fann, S. A. Fischer, A. Fonari, H. Fruchtl, L. Gagliardi,
      J. Garza, N. Gawande, S. Ghosh, K. Glaesemann, A. W. Gotz, J. Hammond,
       V. Helms, E. D. Hermes, K. Hirao, S. Hirata, M. Jacquelin, L. Jensen,
   B. G. Johnson, H. Jonsson, R. A. Kendall, M. Klemm, R. Kobayashi, V. Konkov,
      S. Krishnamoorthy, M. Krishnan, Z. Lin, R. D. Lins, R. J. Littlefield,
      A. J. Logsdail, K. Lopata, W. Ma, A. V. Marenich, J. Martin del Campo,
   D. Mejia-Rodriguez, J. E. Moore, J. M. Mullin, T. Nakajima, D. R. Nascimento,
    J. A. Nichols, P. J. Nichols, J. Nieplocha, A. Otero-de-la-Roza, B. Palmer,
    A. Panyala, T. Pirojsirikul, B. Peng, R. Peverati, J. Pittner, L. Pollack,
   R. M. Richard, P. Sadayappan, G. C. Schatz, W. A. Shelton, D. W. Silverstein,
   D. M. A. Smith, T. A. Soares, D. Song, M. Swart, H. L. Taylor, G. S. Thomas,
            V. Tipparaju, D. G. Truhlar, K. Tsemekhman, T. Van Voorhis,
      A. Vazquez-Mayagoitia, P. Verma, O. Villa, A. Vishnu, K. D. Vogiatzis,
        D. Wang, J. H. Weare, M. J. Williamson, T. L. Windus, K. Wolinski,
        A. T. Wong, Q. Wu, C. Yang, Q. Yu, M. Zacharias, Z. Zhang, Y. Zhao,
                                and R. J. Harrison
                        "NWChem: Past, present, and future
                         J. Chem. Phys. 152, 184102 (2020)
                               doi:10.1063/5.0004997

                                      AUTHORS
                                      -------
  E. Apra, E. J. Bylaska, N. Govind, K. Kowalski, M. Valiev, D. Mejia-Rodriguez,
       A. Kunitsa, N. P. Bauman, A. Panyala, W. A. de Jong, T. P. Straatsma,
   H. J. J. van Dam, D. Wang, T. L. Windus, J. Hammond, J. Autschbach, A. Woods,
    K. Bhaskaran-Nair, J. Brabec, K. Lopata, S. A. Fischer, S. Krishnamoorthy,
     M. Jacquelin, W. Ma, M. Klemm, O. Villa, Y. Chen, V. Anisimov, F. Aquino,
     S. Hirata, M. T. Hackler, E. Hermes, L. Jensen, J. E. Moore, J. C. Becca,
      V. Konjkov, T. Risthaus, M. Malagoli, A. Marenich, A. Otero-de-la-Roza,
        J. Mullin, P. Nichols, R. Peverati, J. Pittner, Y. Zhao, P.-D. Fan,
        A. Fonari, M. J. Williamson, R. J. Harrison, J. R. Rehr, M. Dupuis,
     D. Silverstein, D. M. A. Smith, J. Nieplocha, V. Tipparaju, M. Krishnan,
     B. E. Van Kuiken, A. Vazquez-Mayagoitia, M. Swart, Q. Wu, T. Van Voorhis,
     A. A. Auer, M. Nooijen, L. D. Crosby, E. Brown, G. Cisneros, G. I. Fann,
   H. Fruchtl, J. Garza, K. Hirao, R. A. Kendall, J. A. Nichols, K. Tsemekhman,
    K. Wolinski, J. Anchell, D. E. Bernholdt, P. Borowski, T. Clark, D. Clerc,
   H. Dachsel, M. J. O. Deegan, K. Dyall, D. Elwood, E. Glendening, M. Gutowski,
   A. C. Hess, J. Jaffe, B. G. Johnson, J. Ju, R. Kobayashi, R. Kutteh, Z. Lin,
   R. Littlefield, X. Long, B. Meng, T. Nakajima, S. Niu, L. Pollack, M. Rosing,
   K. Glaesemann, G. Sandrone, M. Stave, H. Taylor, G. Thomas, J. H. van Lenthe,
                               A. T. Wong, Z. Zhang.

 Total times  cpu:      137.3s     wall:      133.6s
